[mixdesign.club/themeforest/marvio/index-portfolio-slider.html]
[backblue.gif]
[fade.gif]
[index.html]
[mixdesign.club/themeforest/marvio/img/favicon/favicon.ico]
[mixdesign.club/themeforest/marvio/img/favicon/icon.svg]
[mixdesign.club/themeforest/marvio/img/favicon/apple-touch-icon.png]
[mixdesign.club/themeforest/marvio/img/favicon/manifest.webmanifest]
[mixdesign.club/themeforest/marvio/img/favicon/og-image.jpg]
[mixdesign.club/themeforest/marvio/css/loaders/loader.css]
[mixdesign.club/themeforest/marvio/css/plugins.css]
[mixdesign.club/themeforest/marvio/css/main.css]
[mixdesign.club/themeforest/marvio/img/logo-loader.svg]
[mixdesign.club/themeforest/marvio/img/logo.svg]
[mixdesign.club/themeforest/marvio/img/backgrounds/500x500-features-bg-1.jpg]
[mixdesign.club/themeforest/marvio/img/svg/icon-feature-1.svg]
[mixdesign.club/themeforest/marvio/img/backgrounds/500x500-features-bg-2.jpg]
[mixdesign.club/themeforest/marvio/img/svg/icon-feature-2.svg]
[mixdesign.club/themeforest/marvio/img/backgrounds/500x500-features-bg-3.jpg]
[mixdesign.club/themeforest/marvio/img/svg/icon-feature-3.svg]
[mixdesign.club/themeforest/marvio/img/portfolio/1000x1000-portfolio-1.jpg]
[mixdesign.club/themeforest/marvio/img/portfolio/1000x1000-portfolio-2.jpg]
[mixdesign.club/themeforest/marvio/img/portfolio/1000x1000-portfolio-3.jpg]
[mixdesign.club/themeforest/marvio/img/portfolio/1000x1000-portfolio-4.jpg]
[mixdesign.club/themeforest/marvio/img/portfolio/1000x1000-portfolio-5.jpg]
[mixdesign.club/themeforest/marvio/img/portfolio/1000x1000-portfolio-6.jpg]
[mixdesign.club/themeforest/marvio/img/svg/icon-contact-1.svg]
[mixdesign.club/themeforest/marvio/img/svg/icon-contact-2.svg]
[mixdesign.club/themeforest/marvio/img/svg/icon-contact-3.svg]
[mixdesign.club/themeforest/marvio/img/projects/1200x1500-project-image-1.jpg]
[mixdesign.club/themeforest/marvio/img/projects/1200x675-project-image-2.jpg]
[mixdesign.club/themeforest/marvio/img/projects/1200x912-project-image-3.jpg]
[mixdesign.club/themeforest/marvio/js/libs.min.js]
[mixdesign.club/themeforest/marvio/js/gallery-init.js]
[mixdesign.club/themeforest/marvio/js/custom.js]
[mixdesign.club/themeforest/marvio/index-portfolio-slider.html]
[mixdesign.club/themeforest/marvio/img/favicon/icon.svg]
[mixdesign.club/themeforest/marvio/index.html]
[mixdesign.club/themeforest/marvio/css/loaders/loader.css]
[mixdesign.club/themeforest/marvio/fonts/Fontawesome/fa-solid-900.woff2]
[mixdesign.club/themeforest/marvio/fonts/Fontawesome/fa-solid-900.ttf]
[mixdesign.club/themeforest/marvio/fonts/Fontawesome/fa-regular-400.woff2]
[mixdesign.club/themeforest/marvio/fonts/Fontawesome/fa-regular-400.ttf]
[mixdesign.club/themeforest/marvio/fonts/Fontawesome/fa-brands-400.woff2]
[mixdesign.club/themeforest/marvio/fonts/Fontawesome/fa-brands-400.ttf]
[mixdesign.club/themeforest/marvio/img/default-skin.png]
[mixdesign.club/themeforest/marvio/img/default-skin.svg]
[mixdesign.club/themeforest/marvio/css/plugins.css]
[mixdesign.club/themeforest/marvio/img/backgrounds/960x1440-bg-main-1.jpg]
[mixdesign.club/themeforest/marvio/img/backgrounds/960x1440-bg-main-2.jpg]
[mixdesign.club/themeforest/marvio/img/backgrounds/960x1440-slide-1.jpg]
[mixdesign.club/themeforest/marvio/img/backgrounds/960x1440-slide-2.jpg]
[mixdesign.club/themeforest/marvio/img/backgrounds/960x1440-slide-3.jpg]
[mixdesign.club/themeforest/marvio/img/projects/1200x600-project-main-image-1.jpg]
[mixdesign.club/themeforest/marvio/img/projects/1200x600-project-main-image-2.jpg]
[mixdesign.club/themeforest/marvio/img/projects/1200x600-project-main-image-3.jpg]
[mixdesign.club/themeforest/marvio/img/backgrounds/960x1440-bg-menu.jpg]
[mixdesign.club/themeforest/marvio/img/backgrounds/960x1440-bg-about.jpg]
[mixdesign.club/themeforest/marvio/img/backgrounds/960x1440-bg-portfolio.jpg]
[mixdesign.club/themeforest/marvio/img/backgrounds/960x1440-bg-contact.jpg]
[mixdesign.club/themeforest/marvio/img/backgrounds/1400x700-video-bg.jpg]
[mixdesign.club/themeforest/marvio/img/svg/icon-contact-bg-1.svg]
[mixdesign.club/themeforest/marvio/img/svg/icon-contact-bg-2.svg]
[mixdesign.club/themeforest/marvio/img/svg/icon-contact-bg-3.svg]
[mixdesign.club/themeforest/marvio/fonts/Poppins-Light/Poppins-Lightd41d.eot]
[mixdesign.club/themeforest/marvio/fonts/Poppins-Light/Poppins-Light.woff2]
[mixdesign.club/themeforest/marvio/fonts/Poppins-Light/Poppins-Light.woff]
[mixdesign.club/themeforest/marvio/fonts/Poppins-Light/Poppins-Light.ttf]
[mixdesign.club/themeforest/marvio/fonts/Poppins-Regular/Poppins-Regulard41d.eot]
[mixdesign.club/themeforest/marvio/fonts/Poppins-Light/Poppins-Light.svg]
[mixdesign.club/themeforest/marvio/fonts/Poppins-Regular/Poppins-Regular.woff2]
[mixdesign.club/themeforest/marvio/fonts/Poppins-Regular/Poppins-Regular.woff]
[mixdesign.club/themeforest/marvio/fonts/Poppins-Regular/Poppins-Regular.ttf]
[mixdesign.club/themeforest/marvio/fonts/Poppins-Medium/Poppins-Mediumd41d.eot]
[mixdesign.club/themeforest/marvio/fonts/Poppins-Medium/Poppins-Medium.woff2]
[mixdesign.club/themeforest/marvio/fonts/Poppins-Medium/Poppins-Medium.woff]
[mixdesign.club/themeforest/marvio/fonts/Poppins-Regular/Poppins-Regular.svg]
[mixdesign.club/themeforest/marvio/fonts/Poppins-Medium/Poppins-Medium.ttf]
[mixdesign.club/themeforest/marvio/fonts/Poppins-Medium/Poppins-Medium.svg]
[mixdesign.club/themeforest/marvio/fonts/Poppins-SemiBold/Poppins-SemiBoldd41d.eot]
[mixdesign.club/themeforest/marvio/fonts/Poppins-SemiBold/Poppins-SemiBold.woff2]
[mixdesign.club/themeforest/marvio/fonts/Poppins-SemiBold/Poppins-SemiBold.woff]
[mixdesign.club/themeforest/marvio/fonts/Poppins-SemiBold/Poppins-SemiBold.ttf]
[mixdesign.club/themeforest/marvio/css/main.css]
[mixdesign.club/themeforest/marvio/img/logo-loader.svg]
[mixdesign.club/themeforest/marvio/img/logo.svg]
[mixdesign.club/themeforest/marvio/img/svg/icon-feature-1.svg]
[mixdesign.club/themeforest/marvio/img/svg/icon-feature-2.svg]
[mixdesign.club/themeforest/marvio/img/svg/icon-feature-3.svg]
[mixdesign.club/themeforest/marvio/img/svg/icon-contact-1.svg]
[mixdesign.club/themeforest/marvio/img/svg/icon-contact-2.svg]
[mixdesign.club/themeforest/marvio/img/svg/icon-contact-3.svg]
[mixdesign.club/themeforest/marvio/css/overlays/02.html]
[mixdesign.club/themeforest/marvio/img/default-skin.svg]
[mixdesign.club/themeforest/marvio/img/preloader.html]
[mixdesign.club/themeforest/marvio/img/svg/icon-contact-bg-1.svg]
[mixdesign.club/themeforest/marvio/img/svg/icon-contact-bg-2.svg]
[mixdesign.club/themeforest/marvio/img/svg/icon-contact-bg-3.svg]
[mixdesign.club/themeforest/marvio/fonts/Poppins-Light/Poppins-Light.svg]
[mixdesign.club/themeforest/marvio/fonts/Poppins-Regular/Poppins-Regular.svg]
[mixdesign.club/themeforest/marvio/fonts/Poppins-Medium/Poppins-Medium.svg]
[mixdesign.club/themeforest/marvio/fonts/Poppins-SemiBold/Poppins-SemiBold.svg]
[mixdesign.club/themeforest/marvio/fonts/Poppins-SemiBold/Poppins-SemiBold.svg]
